#-----------------------------------------------------------
# Vivado v2024.2 (64-bit)
# SW Build 5239630 on Fri Nov 08 22:35:27 MST 2024
# IP Build 5239520 on Sun Nov 10 16:12:51 MST 2024
# SharedData Build 5239561 on Fri Nov 08 14:39:27 MST 2024
# Start of session at: Wed May 28 11:14:37 2025
# Process ID         : 7848
# Current directory  : C:/Users/Andrea/Documents/GitHub/Protocolos/TPs/TP1/TP1
# Command line       : vivado.exe -gui_launcher_event rodinguilauncherevent11664 C:\Users\Andrea\Documents\GitHub\Protocolos\TPs\TP1\TP1\TP1.xpr
# Log file           : C:/Users/Andrea/Documents/GitHub/Protocolos/TPs/TP1/TP1/vivado.log
# Journal file       : C:/Users/Andrea/Documents/GitHub/Protocolos/TPs/TP1/TP1\vivado.jou
# Running On         : DESKTOP-MT4FC8D
# Platform           : Windows Server 2016 or Windows 10
# Operating System   : 19045
# Processor Detail   : Intel(R) Celeron(R) CPU  N3010  @ 1.04GHz
# CPU Frequency      : 1040 MHz
# CPU Physical cores : 2
# CPU Logical cores  : 2
# Host memory        : 4209 MB
# Swap memory        : 3686 MB
# Total Virtual      : 7895 MB
# Available Virtual  : 994 MB
#-----------------------------------------------------------
start_gui
open_project C:/Users/Andrea/Documents/GitHub/Protocolos/TPs/TP1/TP1/TP1.xpr
update_compile_order -fileset sources_1
update_compile_order -fileset sources_1
